#-----------------------------------------------------------
# Webtalk v2020.2 (64-bit)
# SW Build 3064766 on Wed Nov 18 09:12:45 MST 2020
# IP Build 3064653 on Wed Nov 18 14:17:31 MST 2020
# Start of session at: Wed Sep  6 00:11:08 2023
# Process ID: 20780
# Current directory: C:/Users/12296/OneDrive/SelfLearning/Verilog/project/HUST-cpu/HUST-cpu.sim/sim_1/impl/timing/xsim
# Command line: wbtcv.exe -mode batch -source C:/Users/12296/OneDrive/SelfLearning/Verilog/project/HUST-cpu/HUST-cpu.sim/sim_1/impl/timing/xsim/xsim.dir/SCCPUonBoard_tb_time_impl/webtalk/xsim_webtalk.tcl -notrace
# Log file: C:/Users/12296/OneDrive/SelfLearning/Verilog/project/HUST-cpu/HUST-cpu.sim/sim_1/impl/timing/xsim/webtalk.log
# Journal file: C:/Users/12296/OneDrive/SelfLearning/Verilog/project/HUST-cpu/HUST-cpu.sim/sim_1/impl/timing/xsim\webtalk.jou
#-----------------------------------------------------------
source C:/Users/12296/OneDrive/SelfLearning/Verilog/project/HUST-cpu/HUST-cpu.sim/sim_1/impl/timing/xsim/xsim.dir/SCCPUonBoard_tb_time_impl/webtalk/xsim_webtalk.tcl -notrace
